// Jest Snapshot v1, https://goo.gl/fbAQLP

exports[`App component should match snapshot if no change was intended 1`] = `
ShallowWrapper {
  Symbol(enzyme.__root__): [Circular],
  Symbol(enzyme.__unrendered__): <TuneDetailTextItem
    text="Some Text"
    title="Mock Title"
  />,
  Symbol(enzyme.__renderer__): Object {
    "batchedUpdates": [Function],
    "getNode": [Function],
    "render": [Function],
    "simulateError": [Function],
    "simulateEvent": [Function],
    "unmount": [Function],
  },
  Symbol(enzyme.__node__): Object {
    "instance": null,
    "key": undefined,
    "nodeType": "host",
    "props": Object {
      "children": Array [
        <h2
          className="text text--modal-item-title"
        >
          Mock Title
        </h2>,
        <p
          className="text text--modal-item-text"
        >
          Some Text
        </p>,
      ],
      "className": "container container--modal-item",
    },
    "ref": null,
    "rendered": Array [
      Object {
        "instance": null,
        "key": undefined,
        "nodeType": "host",
        "props": Object {
          "children": "Mock Title",
          "className": "text text--modal-item-title",
        },
        "ref": null,
        "rendered": "Mock Title",
        "type": "h2",
      },
      Object {
        "instance": null,
        "key": undefined,
        "nodeType": "host",
        "props": Object {
          "children": "Some Text",
          "className": "text text--modal-item-text",
        },
        "ref": null,
        "rendered": "Some Text",
        "type": "p",
      },
    ],
    "type": "div",
  },
  Symbol(enzyme.__nodes__): Array [
    Object {
      "instance": null,
      "key": undefined,
      "nodeType": "host",
      "props": Object {
        "children": Array [
          <h2
            className="text text--modal-item-title"
          >
            Mock Title
          </h2>,
          <p
            className="text text--modal-item-text"
          >
            Some Text
          </p>,
        ],
        "className": "container container--modal-item",
      },
      "ref": null,
      "rendered": Array [
        Object {
          "instance": null,
          "key": undefined,
          "nodeType": "host",
          "props": Object {
            "children": "Mock Title",
            "className": "text text--modal-item-title",
          },
          "ref": null,
          "rendered": "Mock Title",
          "type": "h2",
        },
        Object {
          "instance": null,
          "key": undefined,
          "nodeType": "host",
          "props": Object {
            "children": "Some Text",
            "className": "text text--modal-item-text",
          },
          "ref": null,
          "rendered": "Some Text",
          "type": "p",
        },
      ],
      "type": "div",
    },
  ],
  Symbol(enzyme.__options__): Object {
    "adapter": ReactSixteenAdapter {
      "options": Object {
        "enableComponentDidUpdateOnSetState": true,
        "lifecycles": Object {
          "componentDidUpdate": Object {
            "onSetState": true,
          },
          "getDerivedStateFromProps": true,
          "getSnapshotBeforeUpdate": true,
          "setState": Object {
            "skipsComponentDidUpdateOnNullish": true,
          },
        },
      },
    },
  },
}
`;
